<html>
<body>
<pre>
<h1>µVision Build Log</h1>
<h2>Tool Versions:</h2>
IDE-Version: ¦ÌVision V5.20.0.0
Copyright (C) 2016 ARM Ltd and ARM Germany GmbH. All rights reserved.
License Information: 1 3184419484@qq.com, 1, LIC=CZLZX-HPJB2-CX8U6-DBGHK-09QM2-NBGL8
 
Tool Versions:
Toolchain:       MDK-ARM Plus  Version: 5.20
Toolchain Path:  D:\software\major\keil\install\ARM\ARMCC\Bin
C Compiler:      Armcc.exe V5.06 update 2 (build 183)
Assembler:       Armasm.exe V5.06 update 2 (build 183)
Linker/Locator:  ArmLink.exe V5.06 update 2 (build 183)
Library Manager: ArmAr.exe V5.06 update 2 (build 183)
Hex Converter:   FromElf.exe V5.06 update 2 (build 183)
CPU DLL:         SARMCM3.DLL V5.20
Dialog DLL:      DCM.DLL V1.13.7.0
Target DLL:      STLink\ST-LINKIII-KEIL_SWO.dll V2.0.18.0
Dialog DLL:      TCM.DLL V1.14.9.0
 
<h2>Project:</h2>
D:\software\temporary\now\ecg_to2\Radar_ECG_Sync\script\STM32F103C8T6_FIR_ADS1292\Project\ADS1292.uvprojx
Project File Date:  05/25/2026

<h2>Output:</h2>
*** Using Compiler 'V5.06 update 2 (build 183)', folder: 'D:\software\major\keil\install\ARM\ARMCC\Bin'
Rebuild target 'ADS1292'
compiling ADS1292.c...
compiling Delay.c...
compiling stm32f10x_it.c...
compiling PeripheralInit.c...
compiling LED.c...
compiling usart.c...
compiling main.c...
compiling spi.c...
compiling EXTInterrupt.c...
compiling stm32f10x_rcc.c...
compiling misc.c...
compiling stm32f10x_exti.c...
compiling stm32f10x_gpio.c...
compiling stm32f10x_tim.c...
assembling startup_stm32f10x_hd.s...
compiling core_cm3.c...
compiling stm32f10x_fsmc.c...
compiling stm32f10x_spi.c...
compiling system_stm32f10x.c...
compiling stm32f10x_usart.c...
linking...
Program Size: Code=8302 RO-data=394 RW-data=96 ZI-data=1856  
FromELF: creating hex file...
".\Obj\ADS1292.axf" - 0 Error(s), 0 Warning(s).

<h2>Collection of Component include folders:</h2>
  D:\software\temporary\now\ecg_to2\Radar_ECG_Sync\script\STM32F103C8T6_FIR_ADS1292\Project\RTE
  D:\software\major\keil\install\ARM\PACK\Keil\STM32F1xx_DFP\2.3.0\Device\Include

<h2>Collection of Component Files used:</h2>
Build Time Elapsed:  00:00:02
</pre>
</body>
</html>
